// Jest Snapshot v1, https://goo.gl/fbAQLP

exports[`NewButton renders correctly 1`] = `
<button
  className="waves-effect waves-light btn-flat blue white-text"
  onClick={[Function]}
>
  New
</button>
`;
